# 4. Иницијализаија на локално репо
C:\Users\theli\OneDrive\Dokumente\UNI\SE\SI_2024_lab1_226015>git init
Initialized empty Git repository in C:/Users/theli/OneDrive/Dokumente/UNI/SE/SI_2024_lab1_226015/.git/

# 5. Додавање на remote 
C:\Users\theli\OneDrive\Dokumente\UNI\SE\SI_2024_lab1_226015>git remote add origin https://github.com/AMihajlovski0/SI_2024_lab1_226015.git

# 6. 
# Преместување на README.md од untracked во staged
C:\Users\theli\OneDrive\Dokumente\UNI\SE\SI_2024_lab1_226015>git add README.md

# Креирање на првиот комит, со што README.md е сега unmodified
C:\Users\theli\OneDrive\Dokumente\UNI\SE\SI_2024_lab1_226015>git commit -m "Initial commit"
[master (root-commit) d31f63c] Initial commit
 1 file changed, 1 insertion(+)
 create mode 100644 README.md

# 7.
# Преместување на дадените Java фајлови од untracked во staged
C:\Users\theli\OneDrive\Dokumente\UNI\SE\SI_2024_lab1_226015>git add *.java

# Креирање на комит, со што стануваат unmodified
C:\Users\theli\OneDrive\Dokumente\UNI\SE\SI_2024_lab1_226015>git commit -m "Add starter code"
[master 77bebd1] Add starter code
 3 files changed, 47 insertions(+)
 create mode 100644 SILab1Main.java
 create mode 100644 SILab1_1.java
 create mode 100644 SILab1_2.java

# 8. Синхронизација на master гранката
C:\Users\theli\OneDrive\Dokumente\UNI\SE\SI_2024_lab1_226015>git push origin master
Enumerating objects: 8, done.
Counting objects: 100% (8/8), done.
Delta compression using up to 8 threads
Compressing objects: 100% (6/6), done.
Writing objects: 100% (8/8), 1.15 KiB | 1.15 MiB/s, done.
Total 8 (delta 0), reused 0 (delta 0), pack-reused 0
To https://github.com/AMihajlovski0/SI_2024_lab1_226015.git
 * [new branch]      master -> master
branch 'master' set up to track 'origin/master'.

# 9. Креирање на гранките bug1 и bug2
C:\Users\theli\OneDrive\Dokumente\UNI\SE\SI_2024_lab1_226015>git branch bug1

C:\Users\theli\OneDrive\Dokumente\UNI\SE\SI_2024_lab1_226015>git branch bug2

# 10. Префрлување на bug1
C:\Users\theli\OneDrive\Dokumente\UNI\SE\SI_2024_lab1_226015>git checkout bug1
Switched to branch 'bug1'

# 11.
# Прeмeстување на SILab1_1.java од modified во staged
C:\Users\theli\OneDrive\Dokumente\UNI\SE\SI_2024_lab1_226015>git add SILab1_1.java
warning: in the working copy of 'SILab1_1.java', LF will be replaced by CRLF the next time Git touches it

# Креирање комит со што SILab1_1.java станува unmodified
C:\Users\theli\OneDrive\Dokumente\UNI\SE\SI_2024_lab1_226015>git commit -m "Fix wrong condition in filterOddLengthString
s"
[bug1 9eacccf] Fix wrong condition in filterOddLengthStrings
 1 file changed, 1 insertion(+), 1 deletion(-)

# 12. Префрлување на bug2
C:\Users\theli\OneDrive\Dokumente\UNI\SE\SI_2024_lab1_226015>git checkout bug2
Switched to branch 'bug2'

# 13.
# Прeмeстување на SILab1_2.java од modified во staged
C:\Users\theli\OneDrive\Dokumente\UNI\SE\SI_2024_lab1_226015>git add SILab1_2.java
warning: in the working copy of 'SILab1_2.java', LF will be replaced by CRLF the next time Git touches it

# Креирање комит со што SILab1_2.java станува unmodified
C:\Users\theli\OneDrive\Dokumente\UNI\SE\SI_2024_lab1_226015>git commit -m "Fix wrong condition in makeBigStringFrom"
[bug2 4da251e] Fix wrong condition in makeBigStringFrom
 1 file changed, 1 insertion(+), 1 deletion(-)

# 14. Повторно префрлување на bug1
C:\Users\theli\OneDrive\Dokumente\UNI\SE\SI_2024_lab1_226015>git checkout bug1
Switched to branch 'bug1'

# 15. 
# Прeмeстување на SILab1Main.java од modified во staged
C:\Users\theli\OneDrive\Dokumente\UNI\SE\SI_2024_lab1_226015>git add SILab1Main.java
warning: in the working copy of 'SILab1Main.java', LF will be replaced by CRLF the next time Git touches it

# Креирање комит со што SILab1Main.java станува unmodified
C:\Users\theli\OneDrive\Dokumente\UNI\SE\SI_2024_lab1_226015>git commit -m "Call method filterOddLengthStrings in main class"
[bug1 3cd48e3] Call method filterOddLengthStrings in main class
 1 file changed, 1 insertion(+)

# 16. Префрлување на bug2
C:\Users\theli\OneDrive\Dokumente\UNI\SE\SI_2024_lab1_226015>git checkout bug2
Switched to branch 'bug2'

# 17. 
# Прeмeстување на SILab1Main.java од modified во staged
C:\Users\theli\OneDrive\Dokumente\UNI\SE\SI_2024_lab1_226015>git add SILab1Main.java

# Креирање комит со што SILab1Main.java станува unmodified
C:\Users\theli\OneDrive\Dokumente\UNI\SE\SI_2024_lab1_226015>git commit -m "Call method makeBigStringFrom in main class"
[bug2 8af1a87] Call method makeBigStringFrom in main class
 1 file changed, 1 insertion(+)

# 18. Синхронизација на сите гранки
C:\Users\theli\OneDrive\Dokumente\UNI\SE\SI_2024_lab1_226015>git push --all origin
Enumerating objects: 16, done.
Counting objects: 100% (16/16), done.
Delta compression using up to 8 threads
Compressing objects: 100% (12/12), done.
Writing objects: 100% (12/12), 1.25 KiB | 1.25 MiB/s, done.
Total 12 (delta 8), reused 0 (delta 0), pack-reused 0
remote: Resolving deltas: 100% (8/8), completed with 4 local objects.
To https://github.com/AMihajlovski0/SI_2024_lab1_226015.git
 * [new branch]      bug1 -> bug1
 * [new branch]      bug2 -> bug2

# 19. Префрлување на master
C:\Users\theli\OneDrive\Dokumente\UNI\SE\SI_2024_lab1_226015>git checkout master
Switched to branch 'master'
Your branch is up to date with 'origin/master'.

# 20. Merge на bug1. Fast-Forward (а со тоа и нема конфликти) пошто master нема комити кои ги нема bug1
C:\Users\theli\OneDrive\Dokumente\UNI\SE\SI_2024_lab1_226015>git merge bug1
Updating 77bebd1..3cd48e3
Fast-forward
 SILab1Main.java | 1 +
 SILab1_1.java   | 2 +-
 2 files changed, 2 insertions(+), 1 deletion(-)

# 21. Синхронизација на сите гранки
C:\Users\theli\OneDrive\Dokumente\UNI\SE\SI_2024_lab1_226015>git push --all origin
Total 0 (delta 0), reused 0 (delta 0), pack-reused 0
To https://github.com/AMihajlovski0/SI_2024_lab1_226015.git
   77bebd1..3cd48e3  master -> master

# 22. Префрлување на bug2
C:\Users\theli\OneDrive\Dokumente\UNI\SE\SI_2024_lab1_226015>git checkout bug2
Switched to branch 'bug2'

# 23. Rebase врз master
# Овде се јави конфликт бидејќи и во master и во bug2 има комит со промена на линија 16 во SILab1Main.java која другата гранка ја нема
# Конфликтот го решив така што ја оставив промената од bug1 на линија 16, а ја оставив и проемената од bug2 на линија 17
C:\Users\theli\OneDrive\Dokumente\UNI\SE\SI_2024_lab1_226015>git rebase master
Auto-merging SILab1Main.java
CONFLICT (content): Merge conflict in SILab1Main.java
error: could not apply 8af1a87... Call method makeBigStringFrom in main class
hint: Resolve all conflicts manually, mark them as resolved with
hint: "git add/rm <conflicted_files>", then run "git rebase --continue".
hint: You can instead skip this commit: run "git rebase --skip".
hint: To abort and get back to the state before "git rebase", run "git rebase --abort".
Could not apply 8af1a87... Call method makeBigStringFrom in main class


# Staging на SILab1Main.java по направените промени
C:\Users\theli\OneDrive\Dokumente\UNI\SE\SI_2024_lab1_226015>git add SILab1Main.java

# Продолжување (и завршување) со rebase-от
# Притоа го оставив и оригиналното име на комитот (Call method makeBigStringFrom in main class) пошто сѐ уште е точно
C:\Users\theli\OneDrive\Dokumente\UNI\SE\SI_2024_lab1_226015>git rebase --continue
[detached HEAD 769000e] Call method makeBigStringFrom in main class
 1 file changed, 1 insertion(+)
Successfully rebased and updated refs/heads/bug2.

# 24. Префрлување на master
C:\Users\theli\OneDrive\Dokumente\UNI\SE\SI_2024_lab1_226015>git checkout master
Switched to branch 'master'
Your branch is up to date with 'origin/master'.

# 25. Merge на bug2 во master. Fast-Forward (и со тоа без конфликти) бидејќи по rebase-от master нема комитит кои ги нема bug2
C:\Users\theli\OneDrive\Dokumente\UNI\SE\SI_2024_lab1_226015>git merge bug2
Updating 3cd48e3..769000e
Fast-forward
 SILab1Main.java | 1 +
 SILab1_2.java   | 2 +-
 2 files changed, 2 insertions(+), 1 deletion(-)

# 26. Синхронизација на сите гранки
# Овде настана грешка при синхронизаија на bug2 бидејќи стеблото на комити беше сменето со rebase-от и ги нема сите комити од origin/bug2
C:\Users\theli\OneDrive\Dokumente\UNI\SE\SI_2024_lab1_226015>git push --all origin
Enumerating objects: 9, done.
Counting objects: 100% (9/9), done.
Delta compression using up to 8 threads
Compressing objects: 100% (6/6), done.
Writing objects: 100% (6/6), 672 bytes | 672.00 KiB/s, done.
Total 6 (delta 4), reused 0 (delta 0), pack-reused 0
remote: Resolving deltas: 100% (4/4), completed with 3 local objects.
To https://github.com/AMihajlovski0/SI_2024_lab1_226015.git
   3cd48e3..769000e  master -> master
 ! [rejected]        bug2 -> bug2 (non-fast-forward)
error: failed to push some refs to 'https://github.com/AMihajlovski0/SI_2024_lab1_226015.git'
hint: Updates were rejected because a pushed branch tip is behind its remote
hint: counterpart. Check out this branch and integrate the remote changes
hint: (e.g. 'git pull ...') before pushing again.
hint: See the 'Note about fast-forwards' in 'git push --help' for details.

# 27. Force push на bug2 за да синхронизираат промените од rebase-от
C:\Users\theli\OneDrive\Dokumente\UNI\SE\SI_2024_lab1_226015>git push -f origin bug2
Total 0 (delta 0), reused 0 (delta 0), pack-reused 0
To https://github.com/AMihajlovski0/SI_2024_lab1_226015.git
 + 8af1a87...769000e bug2 -> bug2 (forced update)



